###############################################################################
#
# IAR ELF Linker V8.22.2.15995/W32 for ARM                17/Aug/2018  15:40:15
# Copyright 2007-2018 IAR Systems AB.
#
#    Output file  =  
#        C:\Users\lazar\Documents\32bit\iar_project\Debug\Exe\32bitProject.out
#    Map file     =  
#        C:\Users\lazar\Documents\32bit\iar_project\Debug\List\32bitProject.map
#    Command line =  
#        -f C:\Users\lazar\AppData\Local\Temp\EW6CC0.tmp
#        (C:\Users\lazar\Documents\32bit\iar_project\Debug\Obj\arm_abs_f32.o
#        C:\Users\lazar\Documents\32bit\iar_project\Debug\Obj\arm_cfft_f32.o
#        C:\Users\lazar\Documents\32bit\iar_project\Debug\Obj\arm_cfft_radix8_f32.o
#        C:\Users\lazar\Documents\32bit\iar_project\Debug\Obj\arm_common_tables.o
#        C:\Users\lazar\Documents\32bit\iar_project\Debug\Obj\arm_const_structs.o
#        C:\Users\lazar\Documents\32bit\iar_project\Debug\Obj\arm_fir_f32.o
#        C:\Users\lazar\Documents\32bit\iar_project\Debug\Obj\arm_fir_init_f32.o
#        C:\Users\lazar\Documents\32bit\iar_project\Debug\Obj\arm_max_f32.o
#        C:\Users\lazar\Documents\32bit\iar_project\Debug\Obj\arm_mean_f32.o
#        C:\Users\lazar\Documents\32bit\iar_project\Debug\Obj\arm_mult_f32.o
#        C:\Users\lazar\Documents\32bit\iar_project\Debug\Obj\arm_offset_f32.o
#        C:\Users\lazar\Documents\32bit\iar_project\Debug\Obj\arm_rfft_f32.o
#        C:\Users\lazar\Documents\32bit\iar_project\Debug\Obj\arm_rfft_fast_f32.o
#        C:\Users\lazar\Documents\32bit\iar_project\Debug\Obj\arm_rfft_fast_init_f32.o
#        C:\Users\lazar\Documents\32bit\iar_project\Debug\Obj\arm_rfft_init_f32.o
#        C:\Users\lazar\Documents\32bit\iar_project\Debug\Obj\arm_sub_f32.o
#        C:\Users\lazar\Documents\32bit\iar_project\Debug\Obj\main.o
#        C:\Users\lazar\Documents\32bit\iar_project\Debug\Obj\misc.o
#        C:\Users\lazar\Documents\32bit\iar_project\Debug\Obj\startup_stm32f4xx.o
#        C:\Users\lazar\Documents\32bit\iar_project\Debug\Obj\stm32f4_discovery.o
#        C:\Users\lazar\Documents\32bit\iar_project\Debug\Obj\stm32f4xx_gpio.o
#        C:\Users\lazar\Documents\32bit\iar_project\Debug\Obj\stm32f4xx_it.o
#        C:\Users\lazar\Documents\32bit\iar_project\Debug\Obj\system_stm32f4xx.o
#        -o
#        C:\Users\lazar\Documents\32bit\iar_project\Debug\Exe\32bitProject.out
#        --redirect _Printf=_PrintfFullNoMb --redirect _Scanf=_ScanfFullNoMb
#        --map
#        C:\Users\lazar\Documents\32bit\iar_project\Debug\List\32bitProject.map
#        --config C:\Users\lazar\Documents\32bit\iar_project\32bitProject.icf
#        --semihosting --entry __iar_program_start "C:\Program Files (x86)\IAR
#        Systems\Embedded Workbench
#        8.0\arm\CMSIS\Lib\IAR\iar_cortexM4lf_math.a" --vfe --text_out locale)
#
###############################################################################

*******************************************************************************
*** RUNTIME MODEL ATTRIBUTES
***

CppFlavor       = *
__Heap_Handler  = Basic
__SystemLibrary = DLib
__dlib_version  = 6


*******************************************************************************
*** HEAP SELECTION
***

The basic heap was selected because no calls to memory allocation
functions were found in the application outside of system library
functions, and there are calls to deallocation functions in the
application.


*******************************************************************************
*** PLACEMENT SUMMARY
***

"A0":  place at 0x08000000 { ro section .intvec };
"P1":  place in [from 0x08000000 to 0x080fffff] { ro };
define block CSTACK with size = 8K, alignment = 8 { };
"P3":  place in [from 0x10000000 to 0x1000ffff] {
          block CSTACK, section .ccram };
define block HEAP with size = 8K, alignment = 8 { };
"P4":  place in [from 0x20000000 to 0x2001bfff] |
                [from 0x2001c000 to 0x2001ffff] { rw, block HEAP };
initialize by copy { rw };

No sections matched the following patterns:

  ro section application_specific_ro  in "P2"
  section .backup_sram                in "P5"
  section .ccram                      in "P3"


  Section            Kind        Address    Size  Object
  -------            ----        -------    ----  ------
"A0":                                      0x188
  .intvec            ro code  0x08000000   0x188  startup_stm32f4xx.o [1]
                            - 0x08000188   0x188

"P1":                                     0x5279
  .text              ro code  0x08000188   0xe22  xprintffull_nomb.o [3]
  .text              ro code  0x08000fac    0x16  strchr.o [6]
  .text              ro code  0x08000fc4    0x40  xfail_s.o [3]
  .text              ro code  0x08001004    0x36  strlen.o [6]
  .text              ro code  0x0800103c    0x58  memchr.o [6]
  .text              ro code  0x08001094   0x22e  I64DivMod.o [6]
  .text              ro code  0x080012c4   0x1a2  DblMul.o [5]
  .text              ro code  0x08001468    0xa6  ABImemcpy.o [6]
  .text              ro code  0x08001510    0x70  frexp.o [5]
  .text              ro code  0x08001580    0x2e  DblCmpLe.o [5]
  .text              ro code  0x080015b0    0x2e  DblCmpGe.o [5]
  .text              ro code  0x080015e0   0x13a  ldexp.o [5]
  .text              ro code  0x0800171c    0x3a  DblToS32.o [5]
  .text              ro code  0x08001758    0x22  S32ToDbl.o [5]
  .text              ro code  0x0800177c    0xe2  DblSub.o [5]
  .text              ro code  0x08001860   0x246  DblDiv.o [5]
  .text              ro code  0x08001aa8    0x28  DblToU32.o [5]
  .text              ro code  0x08001ad0    0x1a  U32ToDbl.o [5]
  .text              ro code  0x08001aec     0x8  xlocale_c.o [3]
  .text              ro code  0x08001af4     0x6  abort.o [3]
  .text              ro code  0x08001afc     0x2  I64DivZer.o [6]
  .text              ro code  0x08001b00   0x168  DblAdd.o [5]
  .text              ro code  0x08001c68    0x14  exit.o [7]
  .text              ro code  0x08001c7c    0x7c  iarttio.o [7]
  .text              ro code  0x08001cf8    0x3c  XShttio.o [3]
  .text              ro code  0x08001d34   0xb1c  arm_cfft_f32.o [1]
  .text              ro code  0x08002850   0xa08  arm_cfft_radix8_f32.o [1]
  .text              ro code  0x08003258    0xc0  arm_bitreversal2.o [4]
  .rodata            const    0x08003318   0x800  arm_common_tables.o [1]
  .rodata            const    0x08003b18   0x370  arm_common_tables.o [1]
  .text              ro code  0x08003e88   0x250  main.o [1]
  .text              ro code  0x080040d8    0x2a  fopen.o [3]
  .text              ro code  0x08004104    0x28  printf.o [3]
  .text              ro code  0x0800412c    0x8c  fread.o [3]
  .text              ro code  0x080041b8    0x7e  fclose.o [3]
  .text              ro code  0x08004236    0xba  fwrite.o [3]
  .text              ro code  0x080042f0    0xc4  xfofind.o [3]
  .text              ro code  0x080043b4   0x138  xfoprep.o [3]
  .text              ro code  0x080044ec    0xb6  xfrprep.o [3]
  .text              ro code  0x080045a4    0xac  fflush.o [3]
  .text              ro code  0x08004650     0x4  heaptramp0.o [3]
  .text              ro code  0x08004654    0x18  close.o [7]
  .text              ro code  0x0800466c    0x14  remove.o [7]
  .text              ro code  0x08004680    0xb4  xfwprep.o [3]
  .text              ro code  0x08004734   0x140  heap0.o [3]
  .text              ro code  0x08004874    0x4c  xfopen.o [3]
  .text              ro code  0x080048c0    0x30  read.o [7]
  .text              ro code  0x080048f0    0x10  write.o [7]
  .text              ro code  0x08004900   0x110  XShHandles.o [3]
  .text              ro code  0x08004a10    0x24  fseek.o [3]
  .text              ro code  0x08004a34    0x2c  xgetmemchunk.o [3]
  .text              ro code  0x08004a60    0x48  open.o [7]
  .text              ro code  0x08004aa8    0x1e  dwrite.o [7]
  .text              ro code  0x08004ac6    0xd8  xfspos.o [3]
  .text              ro code  0x08004b9e    0x20  iarwstd.o [7]
  .text              ro code  0x08004bbe    0x22  iarwrite.o [7]
  .text              ro code  0x08004be0     0xc  xfgpos.o [3]
  .text              ro code  0x08004bec    0x4a  lseek.o [7]
  .text              ro code  0x08004c38   0x154  system_stm32f4xx.o [1]
  .text              ro code  0x08004d8c    0x9c  packbits_init.o [6]
  .text              ro code  0x08004e28    0x54  fputc.o [3]
  .text              ro code  0x08004e7c    0x40  zero_init3.o [6]
  .text              ro code  0x08004ebc    0x3c  xcloseall.o [3]
  .rodata            const    0x08004ef8    0x34  main.o [1]
  .rodata            const    0x08004f2c    0x34  main.o [1]
  .rodata            const    0x08004f60    0x34  main.o [1]
  .rodata            const    0x08004f94    0x30  main.o [1]
  .rodata            const    0x08004fc4    0x30  main.o [1]
  .rodata            const    0x08004ff4    0x2c  main.o [1]
  .rodata            const    0x08005020    0x28  main.o [1]
  .text              ro code  0x08005048    0x28  data_init.o [6]
  .text              ro code  0x08005070    0x22  fpinit_M.o [5]
  .iar.init_table    const    0x08005094    0x2c  - Linker created -
  .rodata            const    0x080050c0    0x20  main.o [1]
  .rodata            const    0x080050e0    0x20  main.o [1]
  .rodata            const    0x08005100    0x20  main.o [1]
  .text              ro code  0x08005120    0x1e  cmain.o [6]
  .text              ro code  0x0800513e     0x4  low_level_init.o [3]
  .text              ro code  0x08005142     0x4  exit.o [3]
  .text              ro code  0x08005148     0xe  cexit.o [6]
  .text              ro code  0x08005156    0x1a  stm32f4xx_it.o [1]
  .rodata            const    0x08005170    0x18  main.o [1]
  .text              ro code  0x08005188    0x16  xprout.o [3]
  .text              ro code  0x080051a0     0xc  putchar.o [3]
  .rodata            const    0x080051ac    0x10  arm_const_structs.o [1]
  .text              ro code  0x080051bc    0x10  startup_stm32f4xx.o [1]
  .text              ro code  0x080051cc     0xc  cstartup_M.o [6]
  .rodata            const    0x080051d8     0x4  xlocale_c.o [3]
  .text              ro code  0x080051dc     0x4  startup_stm32f4xx.o [1]
  .text              ro code  0x080051e0     0x4  startup_stm32f4xx.o [1]
  .text              ro code  0x080051e4     0x4  startup_stm32f4xx.o [1]
  .text              ro code  0x080051e8     0x4  startup_stm32f4xx.o [1]
  .text              ro code  0x080051ec     0x4  startup_stm32f4xx.o [1]
  .text              ro code  0x080051f0     0x4  startup_stm32f4xx.o [1]
  .text              ro code  0x080051f4     0x4  startup_stm32f4xx.o [1]
  .text              ro code  0x080051f8     0x4  startup_stm32f4xx.o [1]
  .text              ro code  0x080051fc     0x4  startup_stm32f4xx.o [1]
  .text              ro code  0x08005200     0x4  startup_stm32f4xx.o [1]
  .text              ro code  0x08005204     0x4  startup_stm32f4xx.o [1]
  .text              ro code  0x08005208     0x4  startup_stm32f4xx.o [1]
  .text              ro code  0x0800520c     0x4  startup_stm32f4xx.o [1]
  .text              ro code  0x08005210     0x4  startup_stm32f4xx.o [1]
  .text              ro code  0x08005214     0x4  startup_stm32f4xx.o [1]
  .text              ro code  0x08005218     0x4  startup_stm32f4xx.o [1]
  .text              ro code  0x0800521c     0x4  startup_stm32f4xx.o [1]
  .text              ro code  0x08005220     0x4  startup_stm32f4xx.o [1]
  .text              ro code  0x08005224     0x4  startup_stm32f4xx.o [1]
  .text              ro code  0x08005228     0x4  startup_stm32f4xx.o [1]
  .text              ro code  0x0800522c     0x4  startup_stm32f4xx.o [1]
  .text              ro code  0x08005230     0x4  startup_stm32f4xx.o [1]
  .text              ro code  0x08005234     0x4  startup_stm32f4xx.o [1]
  .text              ro code  0x08005238     0x4  startup_stm32f4xx.o [1]
  .text              ro code  0x0800523c     0x4  startup_stm32f4xx.o [1]
  .text              ro code  0x08005240     0x4  startup_stm32f4xx.o [1]
  .text              ro code  0x08005244     0x4  startup_stm32f4xx.o [1]
  .text              ro code  0x08005248     0x4  startup_stm32f4xx.o [1]
  .text              ro code  0x0800524c     0x4  startup_stm32f4xx.o [1]
  .text              ro code  0x08005250     0x4  startup_stm32f4xx.o [1]
  .text              ro code  0x08005254     0x4  startup_stm32f4xx.o [1]
  .text              ro code  0x08005258     0x4  startup_stm32f4xx.o [1]
  .text              ro code  0x0800525c     0x4  startup_stm32f4xx.o [1]
  .text              ro code  0x08005260     0x4  startup_stm32f4xx.o [1]
  .text              ro code  0x08005264     0x4  startup_stm32f4xx.o [1]
  .text              ro code  0x08005268     0x4  startup_stm32f4xx.o [1]
  .text              ro code  0x0800526c     0x4  startup_stm32f4xx.o [1]
  .text              ro code  0x08005270     0x4  startup_stm32f4xx.o [1]
  .text              ro code  0x08005274     0x4  startup_stm32f4xx.o [1]
  .text              ro code  0x08005278     0x4  startup_stm32f4xx.o [1]
  .text              ro code  0x0800527c     0x4  startup_stm32f4xx.o [1]
  .text              ro code  0x08005280     0x4  startup_stm32f4xx.o [1]
  .text              ro code  0x08005284     0x4  startup_stm32f4xx.o [1]
  .text              ro code  0x08005288     0x4  startup_stm32f4xx.o [1]
  .text              ro code  0x0800528c     0x4  startup_stm32f4xx.o [1]
  .text              ro code  0x08005290     0x4  startup_stm32f4xx.o [1]
  .text              ro code  0x08005294     0x4  startup_stm32f4xx.o [1]
  .text              ro code  0x08005298     0x4  startup_stm32f4xx.o [1]
  .text              ro code  0x0800529c     0x4  startup_stm32f4xx.o [1]
  .text              ro code  0x080052a0     0x4  startup_stm32f4xx.o [1]
  .text              ro code  0x080052a4     0x4  startup_stm32f4xx.o [1]
  .text              ro code  0x080052a8     0x4  startup_stm32f4xx.o [1]
  .text              ro code  0x080052ac     0x4  startup_stm32f4xx.o [1]
  .text              ro code  0x080052b0     0x4  startup_stm32f4xx.o [1]
  .text              ro code  0x080052b4     0x4  startup_stm32f4xx.o [1]
  .text              ro code  0x080052b8     0x4  startup_stm32f4xx.o [1]
  .text              ro code  0x080052bc     0x4  startup_stm32f4xx.o [1]
  .text              ro code  0x080052c0     0x4  startup_stm32f4xx.o [1]
  .text              ro code  0x080052c4     0x4  startup_stm32f4xx.o [1]
  .text              ro code  0x080052c8     0x4  startup_stm32f4xx.o [1]
  .text              ro code  0x080052cc     0x4  startup_stm32f4xx.o [1]
  .text              ro code  0x080052d0     0x4  startup_stm32f4xx.o [1]
  .text              ro code  0x080052d4     0x4  startup_stm32f4xx.o [1]
  .text              ro code  0x080052d8     0x4  startup_stm32f4xx.o [1]
  .text              ro code  0x080052dc     0x4  startup_stm32f4xx.o [1]
  .text              ro code  0x080052e0     0x4  startup_stm32f4xx.o [1]
  .text              ro code  0x080052e4     0x4  startup_stm32f4xx.o [1]
  .text              ro code  0x080052e8     0x4  startup_stm32f4xx.o [1]
  .text              ro code  0x080052ec     0x4  startup_stm32f4xx.o [1]
  .text              ro code  0x080052f0     0x4  startup_stm32f4xx.o [1]
  .text              ro code  0x080052f4     0x4  startup_stm32f4xx.o [1]
  .text              ro code  0x080052f8     0x4  startup_stm32f4xx.o [1]
  .text              ro code  0x080052fc     0x4  startup_stm32f4xx.o [1]
  .text              ro code  0x08005300     0x4  startup_stm32f4xx.o [1]
  .text              ro code  0x08005304     0x4  startup_stm32f4xx.o [1]
  .text              ro code  0x08005308     0x4  startup_stm32f4xx.o [1]
  .text              ro code  0x0800530c     0x4  startup_stm32f4xx.o [1]
  .text              ro code  0x08005310     0x4  startup_stm32f4xx.o [1]
  .text              ro code  0x08005314     0x4  startup_stm32f4xx.o [1]
  .text              ro code  0x08005318     0x4  startup_stm32f4xx.o [1]
  .text              ro code  0x0800531c     0x4  startup_stm32f4xx.o [1]
  .text              ro code  0x08005320     0x4  startup_stm32f4xx.o [1]
  .text              ro code  0x08005324     0x4  startup_stm32f4xx.o [1]
  .text              ro code  0x08005328     0x4  startup_stm32f4xx.o [1]
  .text              ro code  0x0800532c     0x4  startup_stm32f4xx.o [1]
  .text              ro code  0x08005330     0x4  startup_stm32f4xx.o [1]
  .text              ro code  0x08005334     0x4  startup_stm32f4xx.o [1]
  .text              ro code  0x08005338     0x4  startup_stm32f4xx.o [1]
  .text              ro code  0x0800533c     0x4  startup_stm32f4xx.o [1]
  .text              ro code  0x08005340     0x4  startup_stm32f4xx.o [1]
  .text              ro code  0x08005344     0x4  startup_stm32f4xx.o [1]
  .text              ro code  0x08005348     0x0  cstart_closeall.o [6]
  .rodata            const    0x08005348     0x0  zero_init3.o [6]
  .rodata            const    0x08005348     0x0  packbits_init.o [6]
  Initializer bytes  const    0x08005348    0xb9  <for P4 s0>
                            - 0x08005401  0x5279

"P3":                                     0x2000
  CSTACK                      0x10000000  0x2000  <Block>
    CSTACK           uninit   0x10000000  0x2000  <Block tail>
                            - 0x10002000  0x2000

"P4", part 1 of 3:                         0x138
  P4 s0                       0x20000000   0x138  <Init block>
    .data            inited   0x20000000    0x48  xfiles.o [3]
    .data            inited   0x20000048    0x48  xfiles.o [3]
    .data            inited   0x20000090    0x48  xfiles.o [3]
    .data            inited   0x200000d8    0x38  xlocale_c.o [3]
    .data            inited   0x20000110    0x20  xfiles.o [3]
    .data            inited   0x20000130     0x8  XShttio.o [3]
                            - 0x20000138   0x138

"P4", part 2 of 3:                         0x134
  .bss               zero     0x20000138    0x80  XShHandles.o [3]
  .bss               zero     0x200001b8    0x50  xfiles.o [3]
  .bss               zero     0x20000208    0x50  xfiles.o [3]
  .bss               zero     0x20000258     0x8  heap0.o [3]
  .bss               zero     0x20000260     0x4  xfail_s.o [3]
  .bss               zero     0x20000264     0x4  xgetmemchunk.o [3]
  .bss               zero     0x20000268     0x1  XShttio.o [3]
                            - 0x20000269   0x131

"P4", part 3 of 3:                        0x2000
  HEAP                        0x20000270  0x2000  <Block>
    HEAP             uninit   0x20000270  0x2000  <Block tail>
                            - 0x20002270  0x2000


*******************************************************************************
*** INIT TABLE
***

          Address     Size
          -------     ----
Zero (__iar_zero_init3)
    1 destination range, total size 0x131:
          0x20000138  0x131

Copy/packbits (__iar_packbits_init3)
    1 source range, total size 0xb9 (59% of destination):
          0x08005348   0xb9
    1 destination range, total size 0x138:
          0x20000000  0x138



*******************************************************************************
*** MODULE SUMMARY
***

    Module                 ro code  ro data  rw data
    ------                 -------  -------  -------
C:\Users\lazar\Documents\32bit\iar_project\Debug\Obj: [1]
    arm_cfft_f32.o           2 844
    arm_cfft_radix8_f32.o    2 568
    arm_common_tables.o               2 928
    arm_const_structs.o                  16
    main.o                     592      456
    startup_stm32f4xx.o        772
    stm32f4xx_it.o              26
    system_stm32f4xx.o         340
    ------------------------------------------------
    Total:                   7 142    3 400

command line: [2]
    ------------------------------------------------
    Total:

dl7M_tlf.a: [3]
    XShHandles.o               272               128
    XShttio.o                   60        5        9
    abort.o                      6
    exit.o                       4
    fclose.o                   126
    fflush.o                   172
    fopen.o                     42
    fputc.o                     84
    fread.o                    140
    fseek.o                     36
    fwrite.o                   186
    heap0.o                    320                 8
    heaptramp0.o                 4
    low_level_init.o             4
    printf.o                    40
    putchar.o                   12
    xcloseall.o                 60
    xfail_s.o                   64                 4
    xfgpos.o                    12
    xfiles.o                            147      408
    xfofind.o                  196
    xfopen.o                    76
    xfoprep.o                  312
    xfrprep.o                  182
    xfspos.o                   216
    xfwprep.o                  180
    xgetmemchunk.o              44                 4
    xlocale_c.o                  8       37       56
    xprintffull_nomb.o       3 618
    xprout.o                    22
    ------------------------------------------------
    Total:                   6 498      189      617

iar_cortexM4lf_math.a: [4]
    arm_bitreversal2.o         192
    ------------------------------------------------
    Total:                     192

m7M_tls.a: [5]
    DblAdd.o                   360
    DblCmpGe.o                  46
    DblCmpLe.o                  46
    DblDiv.o                   582
    DblMul.o                   418
    DblSub.o                   226
    DblToS32.o                  58
    DblToU32.o                  40
    S32ToDbl.o                  34
    U32ToDbl.o                  26
    fpinit_M.o                  34
    frexp.o                    112
    ldexp.o                    314
    ------------------------------------------------
    Total:                   2 296

rt7M_tl.a: [6]
    ABImemcpy.o                166
    I64DivMod.o                558
    I64DivZer.o                  2
    cexit.o                     14
    cmain.o                     30
    cstart_closeall.o
    cstartup_M.o                12
    data_init.o                 40
    memchr.o                    88
    packbits_init.o            156
    strchr.o                    22
    strlen.o                    54
    zero_init3.o                64
    ------------------------------------------------
    Total:                   1 206

shb_l.a: [7]
    close.o                     24
    dwrite.o                    30
    exit.o                      20
    iarttio.o                  124
    iarwrite.o                  34
    iarwstd.o                   32
    lseek.o                     74
    open.o                      72
    read.o                      48
    remove.o                    20
    write.o                     16
    ------------------------------------------------
    Total:                     494

    Gaps                        42        2
    Linker created                       44   16 384
----------------------------------------------------
    Grand Total:            17 870    3 635   17 001


*******************************************************************************
*** ENTRY LIST
***

Entry                      Address   Size  Type      Object
-----                      -------   ----  ----      ------
.iar.init_table$$Base   0x08005094          --   Gb  - Linker created -
.iar.init_table$$Limit  0x080050c0          --   Gb  - Linker created -
?main                   0x08005121         Code  Gb  cmain.o [6]
Aldata                  0x20000258    0x8  Data  Lc  heap0.o [3]
BusFault_Handler        0x0800515d    0x2  Code  Gb  stm32f4xx_it.o [1]
CSTACK$$Base            0x10000000          --   Gb  - Linker created -
CSTACK$$Limit           0x10002000          --   Gb  - Linker created -
DebugMon_Handler        0x08005163    0x2  Code  Gb  stm32f4xx_it.o [1]
HEAP$$Base              0x20000270          --   Gb  - Linker created -
HEAP$$Limit             0x20002270          --   Gb  - Linker created -
HardFault_Handler       0x08005159    0x2  Code  Gb  stm32f4xx_it.o [1]
LoadInt                 0x0800033b   0x7a  Code  Lc  xprintffull_nomb.o [3]
MemManage_Handler       0x0800515b    0x2  Code  Gb  stm32f4xx_it.o [1]
NMI_Handler             0x08005157    0x2  Code  Gb  stm32f4xx_it.o [1]
PendSV_Handler          0x08005165    0x2  Code  Gb  stm32f4xx_it.o [1]
Region$$Table$$Base     0x08005094          --   Gb  - Linker created -
Region$$Table$$Limit    0x080050c0          --   Gb  - Linker created -
SVC_Handler             0x08005161    0x2  Code  Gb  stm32f4xx_it.o [1]
SetSysClock             0x08004c8b   0xce  Code  Lc  system_stm32f4xx.o [1]
SysTick_Handler         0x08005167    0x2  Code  Gb  stm32f4xx_it.o [1]
SystemInit              0x08004c39   0x52  Code  Gb  system_stm32f4xx.o [1]
TIM1_CC_IRQHandler      0x0800516f    0x2  Code  Gb  stm32f4xx_it.o [1]
TIM2_IRQHandler         0x08005169    0x2  Code  Gb  stm32f4xx_it.o [1]
TIM3_IRQHandler         0x0800516b    0x2  Code  Gb  stm32f4xx_it.o [1]
TIM4_IRQHandler         0x0800516d    0x2  Code  Gb  stm32f4xx_it.o [1]
UsageFault_Handler      0x0800515f    0x2  Code  Gb  stm32f4xx_it.o [1]
_Close_all              0x08004ebd   0x3c  Code  Gb  xcloseall.o [3]
_Files                  0x20000110   0x20  Data  Gb  xfiles.o [3]
_Fofind                 0x080042f1   0x48  Code  Gb  xfofind.o [3]
_Fofree                 0x08004339   0x78  Code  Gb  xfofind.o [3]
_Fopen                  0x08004875   0x3c  Code  Gb  xfopen.o [3]
_Fopen::rwacc           0x080048b0   0x10  Data  Lc  xfopen.o [3]
_Foprep                 0x080043b5   0xf0  Code  Gb  xfoprep.o [3]
_Foprep::init           0x080044a4   0x48  Data  Lc  xfoprep.o [3]
_Frprep                 0x080044ed   0xb6  Code  Gb  xfrprep.o [3]
_Fspos                  0x08004ac7   0xd8  Code  Gb  xfspos.o [3]
_Fwprep                 0x08004681   0xb4  Code  Gb  xfwprep.o [3]
_GenldFullNoMb          0x08000ca9  0x274  Code  Lc  xprintffull_nomb.o [3]
_LdtobFullNoMb          0x0800087d  0x3fe  Code  Lc  xprintffull_nomb.o [3]
_LitobFullNoMb          0x08000725  0x112  Code  Lc  xprintffull_nomb.o [3]
_Locale_lconv           0x200000d8   0x38  Data  Lc  xlocale_c.o [3]
_Nnl                    0x08004be1    0xc  Code  Gb  xfgpos.o [3]
_PrintfFullNoMb         0x08000189  0x1a4  Code  Gb  xprintffull_nomb.o [3]
_Prout                  0x08005189   0x16  Code  Gb  xprout.o [3]
_PutcharsFullNoMb       0x08000f1d   0x2e  Code  Lc  xprintffull_nomb.o [3]
_PutfldFullNoMb         0x080003b5  0x264  Code  Lc  xprintffull_nomb.o [3]
_PuttxtFullNoMb         0x08000619  0x10c  Code  Lc  xprintffull_nomb.o [3]
__aeabi_cdcmple         0x08001581         Code  Gb  DblCmpLe.o [5]
__aeabi_cdrcmple        0x080015b1         Code  Gb  DblCmpGe.o [5]
__aeabi_d2iz            0x0800171d         Code  Gb  DblToS32.o [5]
__aeabi_d2uiz           0x08001aa9         Code  Gb  DblToU32.o [5]
__aeabi_ddiv            0x08001861         Code  Gb  DblDiv.o [5]
__aeabi_dmul            0x080012c5         Code  Gb  DblMul.o [5]
__aeabi_dsub            0x0800177d         Code  Gb  DblSub.o [5]
__aeabi_i2d             0x08001759         Code  Gb  S32ToDbl.o [5]
__aeabi_ldiv0           0x08001afd         Code  Gb  I64DivZer.o [6]
__aeabi_memcpy          0x08001469         Code  Gb  ABImemcpy.o [6]
__aeabi_memcpy4         0x08001489         Code  Gb  ABImemcpy.o [6]
__aeabi_memcpy8         0x08001489         Code  Gb  ABImemcpy.o [6]
__aeabi_ui2d            0x08001ad1         Code  Gb  U32ToDbl.o [5]
__aeabi_uldivmod        0x08001095         Code  Gb  I64DivMod.o [6]
__basic_free            0x080047e1   0x16  Code  Gb  heap0.o [3]
__basic_free_intern     0x080047f7   0x7a  Code  Lc  heap0.o [3]
__basic_malloc          0x08004735   0x18  Code  Gb  heap0.o [3]
__basic_malloc_intern   0x0800474d   0x94  Code  Lc  heap0.o [3]
__cexit_closeall        0x0800514b         Code  Gb  cexit.o [6]
__close                 0x08004655   0x18  Code  Gb  close.o [7]
__cmain                 0x08005121         Code  Gb  cmain.o [6]
__cstart_closeall       0x08005348         Data  Gb  cstart_closeall.o [6]
__data_GetMemChunk      0x08004a35   0x2c  Code  Gb  xgetmemchunk.o [3]
__data_GetMemChunk::start
                        0x20000264    0x4  Data  Lc  xgetmemchunk.o [3]
__dwrite                0x08004aa9   0x1e  Code  Gb  dwrite.o [7]
__exit                  0x08001c69   0x14  Code  Gb  exit.o [7]
__iar_Fail_s            0x08000fc5   0x1c  Code  Gb  xfail_s.o [3]
__iar_Memchr            0x0800103d         Code  Gb  memchr.o [6]
__iar_Stderr            0x20000090   0x48  Data  Gb  xfiles.o [3]
__iar_Stdin             0x20000000   0x48  Data  Gb  xfiles.o [3]
__iar_Stdout            0x20000048   0x48  Data  Gb  xfiles.o [3]
__iar_Strchr            0x08000fad         Code  Gb  strchr.o [6]
__iar_close_ttio        0x08001c7d   0x2c  Code  Gb  iarttio.o [7]
__iar_dadd              0x0800178d         Code  Gb  DblSub.o [5]
__iar_data_init3        0x08005049   0x28  Code  Gb  data_init.o [6]
__iar_dsub              0x08001b01         Code  Gb  DblAdd.o [5]
__iar_dsubStart         0x08001b13         Code  Gb  DblAdd.o [5]
__iar_frexp             0x0800151d         Code  Gb  frexp.o [5]
__iar_frexpl            0x0800151d         Code  Gb  frexp.o [5]
__iar_get_ttio          0x08001ca9   0x4c  Code  Gb  iarttio.o [7]
__iar_init_vfp          0x08005071         Code  Gb  fpinit_M.o [5]
__iar_ldexp64           0x080015e1         Code  Gb  ldexp.o [5]
__iar_lookup_ttioh      0x08001d27    0x4  Code  Gb  XShttio.o [3]
__iar_packbits_init3    0x08004d8d   0x9c  Code  Gb  packbits_init.o [6]
__iar_program_start     0x080051cd         Code  Gb  cstartup_M.o [6]
__iar_scalbln64         0x080015e1         Code  Gb  ldexp.o [5]
__iar_scalbn64          0x080015e1         Code  Gb  ldexp.o [5]
__iar_sh_Discard        0x08004945   0x42  Code  Gb  XShHandles.o [3]
__iar_sh_Init           0x08004901   0x44  Code  Gb  XShHandles.o [3]
__iar_sh_Move           0x08004987   0x46  Code  Gb  XShHandles.o [3]
__iar_sh_Pos            0x080049cd   0x3e  Code  Gb  XShHandles.o [3]
__iar_sh_stdout         0x08004b9f   0x20  Code  Gb  iarwstd.o [7]
__iar_sh_write          0x08004bbf   0x22  Code  Gb  iarwrite.o [7]
__iar_softfp___iar_frexp64
                        0x08001511         Code  Gb  frexp.o [5]
__iar_softfp_frexp      0x08001511         Code  Gb  frexp.o [5]
__iar_softfp_frexpl     0x08001511         Code  Gb  frexp.o [5]
__iar_systems$$module {Abs}
                        0x00000001         Data  Gb  command line/config [2]
__iar_ttio_guard_lock   0x08001cf9   0x1e  Code  Gb  XShttio.o [3]
__iar_ttio_guard_unlock
                        0x08001d17   0x10  Code  Gb  XShttio.o [3]
__iar_ttio_handles      0x20000130    0x8  Data  Lc  XShttio.o [3]
__iar_zero_init3        0x08004e7d   0x40  Code  Gb  zero_init3.o [6]
__low_level_init        0x0800513f    0x4  Code  Gb  low_level_init.o [3]
__lseek                 0x08004bed   0x4a  Code  Gb  lseek.o [7]
__open                  0x08004a61   0x48  Code  Gb  open.o [7]
__read                  0x080048c1   0x30  Code  Gb  read.o [7]
__vector_table          0x08000000         Data  Gb  startup_stm32f4xx.o [1]
__write                 0x080048f1   0x10  Code  Gb  write.o [7]
_call_main              0x0800512d         Code  Gb  cmain.o [6]
_exit                   0x08005149         Code  Gb  cexit.o [6]
_main                   0x0800513b         Code  Gb  cmain.o [6]
abort                   0x08001af5    0x6  Code  Gb  abort.o [3]
armBitRevIndexTable256  0x08003b18  0x370  Data  Gb  arm_common_tables.o [1]
arm_bitreversal_16      0x080032c3         Code  Gb  arm_bitreversal2.o [4]
arm_bitreversal_32      0x08003259         Code  Gb  arm_bitreversal2.o [4]
arm_cfft_f32            0x08002755   0xfc  Code  Gb  arm_cfft_f32.o [1]
arm_cfft_radix8by2_f32  0x08001d35  0x2ca  Code  Gb  arm_cfft_f32.o [1]
arm_cfft_radix8by4_f32  0x08001fff  0x756  Code  Gb  arm_cfft_f32.o [1]
arm_cfft_sR_f32_len256  0x080051ac   0x10  Data  Gb  arm_const_structs.o [1]
arm_radix8_butterfly_f32
                        0x08002851  0xa08  Code  Gb  arm_cfft_radix8_f32.o [1]
ebuf                    0x200001b8   0x50  Data  Lc  xfiles.o [3]
exit                    0x08005143    0x4  Code  Gb  exit.o [3]
fclose                  0x080041b9   0x7e  Code  Gb  fclose.o [3]
fflush                  0x08004619   0x34  Code  Gb  fflush.o [3]
fflushOne               0x080045a5   0x74  Code  Lc  fflush.o [3]
fopen                   0x080040d9   0x2a  Code  Gb  fopen.o [3]
fputc                   0x08004e29   0x54  Code  Gb  fputc.o [3]
fread                   0x0800412d   0x8c  Code  Gb  fread.o [3]
free                    0x08004651    0x4  Code  Gb  heaptramp0.o [3]
fseek                   0x08004a11   0x24  Code  Gb  fseek.o [3]
fwrite                  0x08004237   0xba  Code  Gb  fwrite.o [3]
ldexp                   0x080015e1         Code  Gb  ldexp.o [5]
ldexpl                  0x080015e1         Code  Gb  ldexp.o [5]
localeconv              0x08001aed    0x4  Code  Gb  xlocale_c.o [3]
main                    0x08003e89  0x250  Code  Gb  main.o [1]
memchr                  0x0800103d         Code  Gb  memchr.o [6]
obuf                    0x20000208   0x50  Data  Lc  xfiles.o [3]
printf                  0x08004105   0x28  Code  Gb  printf.o [3]
putchar                 0x080051a1    0xc  Code  Gb  putchar.o [3]
remove                  0x0800466d   0x14  Code  Gb  remove.o [7]
sFileInfo               0x20000138   0x80  Data  Lc  XShHandles.o [3]
scalbln                 0x080015e1         Code  Gb  ldexp.o [5]
scalblnl                0x080015e1         Code  Gb  ldexp.o [5]
scalbn                  0x080015e1         Code  Gb  ldexp.o [5]
scalbnl                 0x080015e1         Code  Gb  ldexp.o [5]
scale                   0x08000837   0x46  Code  Lc  xprintffull_nomb.o [3]
sec_hand                0x20000260    0x4  Data  Lc  xfail_s.o [3]
strchr                  0x08000fad         Code  Gb  strchr.o [6]
strlen                  0x08001005         Code  Gb  strlen.o [6]
ttio_guard              0x20000268    0x1  Data  Lc  XShttio.o [3]
twiddleCoef_256         0x08003318  0x800  Data  Gb  arm_common_tables.o [1]


[1] = C:\Users\lazar\Documents\32bit\iar_project\Debug\Obj
[2] = command line
[3] = dl7M_tlf.a
[4] = iar_cortexM4lf_math.a
[5] = m7M_tls.a
[6] = rt7M_tl.a
[7] = shb_l.a

  17 870 bytes of readonly  code memory
   3 635 bytes of readonly  data memory
  17 001 bytes of readwrite data memory

Errors: none
Warnings: none
