###############################################################################
#
# IAR ELF Linker V8.22.2.15995/W32 for ARM                13/Aug/2018  17:09:43
# Copyright 2007-2018 IAR Systems AB.
#
#    Output file  =  
#        C:\Users\lazar\Documents\32bit\iar_project\Debug\Exe\32bitProject.out
#    Map file     =  
#        C:\Users\lazar\Documents\32bit\iar_project\Debug\List\32bitProject.map
#    Command line =  
#        -f C:\Users\lazar\AppData\Local\Temp\EW7148.tmp
#        (C:\Users\lazar\Documents\32bit\iar_project\Debug\Obj\arm_cfft_radix4_f32.o
#        C:\Users\lazar\Documents\32bit\iar_project\Debug\Obj\arm_cfft_radix4_init_f32.o
#        C:\Users\lazar\Documents\32bit\iar_project\Debug\Obj\arm_fir_f32.o
#        C:\Users\lazar\Documents\32bit\iar_project\Debug\Obj\arm_fir_init_f32.o
#        C:\Users\lazar\Documents\32bit\iar_project\Debug\Obj\arm_rfft_f32.o
#        C:\Users\lazar\Documents\32bit\iar_project\Debug\Obj\arm_rfft_init_f32.o
#        C:\Users\lazar\Documents\32bit\iar_project\Debug\Obj\main.o
#        C:\Users\lazar\Documents\32bit\iar_project\Debug\Obj\misc.o
#        C:\Users\lazar\Documents\32bit\iar_project\Debug\Obj\startup_stm32f4xx.o
#        C:\Users\lazar\Documents\32bit\iar_project\Debug\Obj\stm32f4_discovery.o
#        C:\Users\lazar\Documents\32bit\iar_project\Debug\Obj\stm32f4xx_gpio.o
#        C:\Users\lazar\Documents\32bit\iar_project\Debug\Obj\stm32f4xx_it.o
#        C:\Users\lazar\Documents\32bit\iar_project\Debug\Obj\system_stm32f4xx.o
#        -o
#        C:\Users\lazar\Documents\32bit\iar_project\Debug\Exe\32bitProject.out
#        --redirect _Printf=_PrintfFullNoMb --redirect _Scanf=_ScanfFullNoMb
#        --map
#        C:\Users\lazar\Documents\32bit\iar_project\Debug\List\32bitProject.map
#        --config C:\Users\lazar\Documents\32bit\iar_project\32bitProject.icf
#        --semihosting --entry __iar_program_start "C:\Program Files (x86)\IAR
#        Systems\Embedded Workbench
#        8.0\arm\CMSIS\Lib\IAR\iar_cortexM4lf_math.a" --vfe --text_out locale)
#
###############################################################################

*******************************************************************************
*** RUNTIME MODEL ATTRIBUTES
***

CppFlavor       = *
__Heap_Handler  = Basic
__SystemLibrary = DLib
__dlib_version  = 6


*******************************************************************************
*** HEAP SELECTION
***

The basic heap was selected because no calls to memory allocation
functions were found in the application outside of system library
functions, and there are calls to deallocation functions in the
application.


*******************************************************************************
*** PLACEMENT SUMMARY
***

"A0":  place at 0x08000000 { ro section .intvec };
"P1":  place in [from 0x08000000 to 0x080fffff] { ro };
define block CSTACK with size = 8K, alignment = 8 { };
"P3":  place in [from 0x10000000 to 0x1000ffff] {
          block CSTACK, section .ccram };
define block HEAP with size = 8K, alignment = 8 { };
"P4":  place in [from 0x20000000 to 0x2001bfff] |
                [from 0x2001c000 to 0x2001ffff] { rw, block HEAP };
initialize by copy { rw };

No sections matched the following patterns:

  ro section application_specific_ro  in "P2"
  section .backup_sram                in "P5"
  section .ccram                      in "P3"


  Section            Kind        Address    Size  Object
  -------            ----        -------    ----  ------
"A0":                                      0x188
  .intvec            ro code  0x08000000   0x188  startup_stm32f4xx.o [1]
                            - 0x08000188   0x188

"P1":                                     0xa8b1
  .rodata            const    0x08000188  0x2000  arm_cfft_radix4_init_f32.o [1]
  .rodata            const    0x08002188  0x2000  arm_rfft_init_f32.o [1]
  .rodata            const    0x08004188  0x2000  arm_rfft_init_f32.o [1]
  .text              ro code  0x08006188   0xe22  xprintffull_nomb.o [3]
  .text              ro code  0x08006fac    0x16  strchr.o [6]
  .text              ro code  0x08006fc4    0x40  xfail_s.o [3]
  .text              ro code  0x08007004    0x36  strlen.o [6]
  .text              ro code  0x0800703c    0x58  memchr.o [6]
  .text              ro code  0x08007094   0x22e  I64DivMod.o [6]
  .text              ro code  0x080072c4   0x1a2  DblMul.o [5]
  .text              ro code  0x08007468    0xa6  ABImemcpy.o [6]
  .text              ro code  0x08007510    0x70  frexp.o [5]
  .text              ro code  0x08007580    0x2e  DblCmpLe.o [5]
  .text              ro code  0x080075b0    0x2e  DblCmpGe.o [5]
  .text              ro code  0x080075e0   0x13a  ldexp.o [5]
  .text              ro code  0x0800771c    0x3a  DblToS32.o [5]
  .text              ro code  0x08007758    0x22  S32ToDbl.o [5]
  .text              ro code  0x0800777c    0xe2  DblSub.o [5]
  .text              ro code  0x08007860   0x246  DblDiv.o [5]
  .text              ro code  0x08007aa8    0x28  DblToU32.o [5]
  .text              ro code  0x08007ad0    0x1a  U32ToDbl.o [5]
  .text              ro code  0x08007aec     0x8  xlocale_c.o [3]
  .text              ro code  0x08007af4     0x6  abort.o [3]
  .text              ro code  0x08007afc     0x2  I64DivZer.o [6]
  .text              ro code  0x08007b00   0x168  DblAdd.o [5]
  .text              ro code  0x08007c68    0x14  exit.o [7]
  .text              ro code  0x08007c7c    0x7c  iarttio.o [7]
  .text              ro code  0x08007cf8    0x3c  XShttio.o [3]
  .text              ro code  0x08007d34   0xe12  arm_cfft_radix4_f32.o [1]
  .rodata            const    0x08008b48   0x800  arm_common_tables.o [4]
  .text              ro code  0x08009348   0x25a  arm_rfft_f32.o [1]
  .text              ro code  0x080095a4   0x154  system_stm32f4xx.o [1]
  .text              ro code  0x080096f8   0x140  heap0.o [3]
  .text              ro code  0x08009838    0x2c  xgetmemchunk.o [3]
  .text              ro code  0x08009864   0x138  xfoprep.o [3]
  .text              ro code  0x0800999c    0x7e  fclose.o [3]
  .text              ro code  0x08009a1c    0x4c  xfopen.o [3]
  .text              ro code  0x08009a68    0xc4  xfofind.o [3]
  .text              ro code  0x08009b2c    0xac  fflush.o [3]
  .text              ro code  0x08009bd8     0x4  heaptramp0.o [3]
  .text              ro code  0x08009bdc    0x18  close.o [7]
  .text              ro code  0x08009bf4    0x14  remove.o [7]
  .text              ro code  0x08009c08    0x48  open.o [7]
  .text              ro code  0x08009c50    0x10  write.o [7]
  .text              ro code  0x08009c60   0x110  XShHandles.o [3]
  .text              ro code  0x08009d70    0x1e  dwrite.o [7]
  .text              ro code  0x08009d8e    0x20  iarwstd.o [7]
  .text              ro code  0x08009dae    0x22  iarwrite.o [7]
  .text              ro code  0x08009dd0   0x114  main.o [1]
  .text              ro code  0x08009ee4    0x2a  fopen.o [3]
  .text              ro code  0x08009f10    0x28  printf.o [3]
  .text              ro code  0x08009f38    0x8c  fread.o [3]
  .text              ro code  0x08009fc4    0x88  arm_rfft_init_f32.o [1]
  .text              ro code  0x0800a04c    0xba  fwrite.o [3]
  .text              ro code  0x0800a106    0xb6  xfrprep.o [3]
  .text              ro code  0x0800a1bc    0x98  arm_cfft_radix4_init_f32.o [1]
  .text              ro code  0x0800a254    0xb4  xfwprep.o [3]
  .text              ro code  0x0800a308    0x30  read.o [7]
  .text              ro code  0x0800a338    0x24  fseek.o [3]
  .text              ro code  0x0800a35c    0xd8  xfspos.o [3]
  .text              ro code  0x0800a434     0xc  xfgpos.o [3]
  .text              ro code  0x0800a440    0x4a  lseek.o [7]
  .text              ro code  0x0800a48a    0x9c  packbits_init.o [6]
  .text              ro code  0x0800a526    0x54  fputc.o [3]
  .text              ro code  0x0800a57a    0x40  zero_init3.o [6]
  .text              ro code  0x0800a5bc    0x3c  xcloseall.o [3]
  .rodata            const    0x0800a5f8    0x38  main.o [1]
  .rodata            const    0x0800a630    0x34  main.o [1]
  .rodata            const    0x0800a664    0x34  main.o [1]
  .rodata            const    0x0800a698    0x30  main.o [1]
  .rodata            const    0x0800a6c8    0x28  main.o [1]
  .text              ro code  0x0800a6f0    0x28  data_init.o [6]
  .text              ro code  0x0800a718    0x22  fpinit_M.o [5]
  .iar.init_table    const    0x0800a73c    0x2c  - Linker created -
  .text              ro code  0x0800a768    0x1e  cmain.o [6]
  .text              ro code  0x0800a786     0x4  low_level_init.o [3]
  .text              ro code  0x0800a78a     0x4  exit.o [3]
  .text              ro code  0x0800a790     0xe  cexit.o [6]
  .text              ro code  0x0800a79e    0x1a  stm32f4xx_it.o [1]
  .rodata            const    0x0800a7b8    0x18  main.o [1]
  .text              ro code  0x0800a7d0    0x16  xprout.o [3]
  .text              ro code  0x0800a7e8     0xc  putchar.o [3]
  .text              ro code  0x0800a7f4    0x10  startup_stm32f4xx.o [1]
  .text              ro code  0x0800a804     0xc  cstartup_M.o [6]
  .rodata            const    0x0800a810     0x4  xlocale_c.o [3]
  .text              ro code  0x0800a814     0x4  startup_stm32f4xx.o [1]
  .text              ro code  0x0800a818     0x4  startup_stm32f4xx.o [1]
  .text              ro code  0x0800a81c     0x4  startup_stm32f4xx.o [1]
  .text              ro code  0x0800a820     0x4  startup_stm32f4xx.o [1]
  .text              ro code  0x0800a824     0x4  startup_stm32f4xx.o [1]
  .text              ro code  0x0800a828     0x4  startup_stm32f4xx.o [1]
  .text              ro code  0x0800a82c     0x4  startup_stm32f4xx.o [1]
  .text              ro code  0x0800a830     0x4  startup_stm32f4xx.o [1]
  .text              ro code  0x0800a834     0x4  startup_stm32f4xx.o [1]
  .text              ro code  0x0800a838     0x4  startup_stm32f4xx.o [1]
  .text              ro code  0x0800a83c     0x4  startup_stm32f4xx.o [1]
  .text              ro code  0x0800a840     0x4  startup_stm32f4xx.o [1]
  .text              ro code  0x0800a844     0x4  startup_stm32f4xx.o [1]
  .text              ro code  0x0800a848     0x4  startup_stm32f4xx.o [1]
  .text              ro code  0x0800a84c     0x4  startup_stm32f4xx.o [1]
  .text              ro code  0x0800a850     0x4  startup_stm32f4xx.o [1]
  .text              ro code  0x0800a854     0x4  startup_stm32f4xx.o [1]
  .text              ro code  0x0800a858     0x4  startup_stm32f4xx.o [1]
  .text              ro code  0x0800a85c     0x4  startup_stm32f4xx.o [1]
  .text              ro code  0x0800a860     0x4  startup_stm32f4xx.o [1]
  .text              ro code  0x0800a864     0x4  startup_stm32f4xx.o [1]
  .text              ro code  0x0800a868     0x4  startup_stm32f4xx.o [1]
  .text              ro code  0x0800a86c     0x4  startup_stm32f4xx.o [1]
  .text              ro code  0x0800a870     0x4  startup_stm32f4xx.o [1]
  .text              ro code  0x0800a874     0x4  startup_stm32f4xx.o [1]
  .text              ro code  0x0800a878     0x4  startup_stm32f4xx.o [1]
  .text              ro code  0x0800a87c     0x4  startup_stm32f4xx.o [1]
  .text              ro code  0x0800a880     0x4  startup_stm32f4xx.o [1]
  .text              ro code  0x0800a884     0x4  startup_stm32f4xx.o [1]
  .text              ro code  0x0800a888     0x4  startup_stm32f4xx.o [1]
  .text              ro code  0x0800a88c     0x4  startup_stm32f4xx.o [1]
  .text              ro code  0x0800a890     0x4  startup_stm32f4xx.o [1]
  .text              ro code  0x0800a894     0x4  startup_stm32f4xx.o [1]
  .text              ro code  0x0800a898     0x4  startup_stm32f4xx.o [1]
  .text              ro code  0x0800a89c     0x4  startup_stm32f4xx.o [1]
  .text              ro code  0x0800a8a0     0x4  startup_stm32f4xx.o [1]
  .text              ro code  0x0800a8a4     0x4  startup_stm32f4xx.o [1]
  .text              ro code  0x0800a8a8     0x4  startup_stm32f4xx.o [1]
  .text              ro code  0x0800a8ac     0x4  startup_stm32f4xx.o [1]
  .text              ro code  0x0800a8b0     0x4  startup_stm32f4xx.o [1]
  .text              ro code  0x0800a8b4     0x4  startup_stm32f4xx.o [1]
  .text              ro code  0x0800a8b8     0x4  startup_stm32f4xx.o [1]
  .text              ro code  0x0800a8bc     0x4  startup_stm32f4xx.o [1]
  .text              ro code  0x0800a8c0     0x4  startup_stm32f4xx.o [1]
  .text              ro code  0x0800a8c4     0x4  startup_stm32f4xx.o [1]
  .text              ro code  0x0800a8c8     0x4  startup_stm32f4xx.o [1]
  .text              ro code  0x0800a8cc     0x4  startup_stm32f4xx.o [1]
  .text              ro code  0x0800a8d0     0x4  startup_stm32f4xx.o [1]
  .text              ro code  0x0800a8d4     0x4  startup_stm32f4xx.o [1]
  .text              ro code  0x0800a8d8     0x4  startup_stm32f4xx.o [1]
  .text              ro code  0x0800a8dc     0x4  startup_stm32f4xx.o [1]
  .text              ro code  0x0800a8e0     0x4  startup_stm32f4xx.o [1]
  .text              ro code  0x0800a8e4     0x4  startup_stm32f4xx.o [1]
  .text              ro code  0x0800a8e8     0x4  startup_stm32f4xx.o [1]
  .text              ro code  0x0800a8ec     0x4  startup_stm32f4xx.o [1]
  .text              ro code  0x0800a8f0     0x4  startup_stm32f4xx.o [1]
  .text              ro code  0x0800a8f4     0x4  startup_stm32f4xx.o [1]
  .text              ro code  0x0800a8f8     0x4  startup_stm32f4xx.o [1]
  .text              ro code  0x0800a8fc     0x4  startup_stm32f4xx.o [1]
  .text              ro code  0x0800a900     0x4  startup_stm32f4xx.o [1]
  .text              ro code  0x0800a904     0x4  startup_stm32f4xx.o [1]
  .text              ro code  0x0800a908     0x4  startup_stm32f4xx.o [1]
  .text              ro code  0x0800a90c     0x4  startup_stm32f4xx.o [1]
  .text              ro code  0x0800a910     0x4  startup_stm32f4xx.o [1]
  .text              ro code  0x0800a914     0x4  startup_stm32f4xx.o [1]
  .text              ro code  0x0800a918     0x4  startup_stm32f4xx.o [1]
  .text              ro code  0x0800a91c     0x4  startup_stm32f4xx.o [1]
  .text              ro code  0x0800a920     0x4  startup_stm32f4xx.o [1]
  .text              ro code  0x0800a924     0x4  startup_stm32f4xx.o [1]
  .text              ro code  0x0800a928     0x4  startup_stm32f4xx.o [1]
  .text              ro code  0x0800a92c     0x4  startup_stm32f4xx.o [1]
  .text              ro code  0x0800a930     0x4  startup_stm32f4xx.o [1]
  .text              ro code  0x0800a934     0x4  startup_stm32f4xx.o [1]
  .text              ro code  0x0800a938     0x4  startup_stm32f4xx.o [1]
  .text              ro code  0x0800a93c     0x4  startup_stm32f4xx.o [1]
  .text              ro code  0x0800a940     0x4  startup_stm32f4xx.o [1]
  .text              ro code  0x0800a944     0x4  startup_stm32f4xx.o [1]
  .text              ro code  0x0800a948     0x4  startup_stm32f4xx.o [1]
  .text              ro code  0x0800a94c     0x4  startup_stm32f4xx.o [1]
  .text              ro code  0x0800a950     0x4  startup_stm32f4xx.o [1]
  .text              ro code  0x0800a954     0x4  startup_stm32f4xx.o [1]
  .text              ro code  0x0800a958     0x4  startup_stm32f4xx.o [1]
  .text              ro code  0x0800a95c     0x4  startup_stm32f4xx.o [1]
  .text              ro code  0x0800a960     0x4  startup_stm32f4xx.o [1]
  .text              ro code  0x0800a964     0x4  startup_stm32f4xx.o [1]
  .text              ro code  0x0800a968     0x4  startup_stm32f4xx.o [1]
  .text              ro code  0x0800a96c     0x4  startup_stm32f4xx.o [1]
  .text              ro code  0x0800a970     0x4  startup_stm32f4xx.o [1]
  .text              ro code  0x0800a974     0x4  startup_stm32f4xx.o [1]
  .text              ro code  0x0800a978     0x4  startup_stm32f4xx.o [1]
  .text              ro code  0x0800a97c     0x4  startup_stm32f4xx.o [1]
  .text              ro code  0x0800a980     0x0  cstart_closeall.o [6]
  .rodata            const    0x0800a980     0x0  zero_init3.o [6]
  .rodata            const    0x0800a980     0x0  packbits_init.o [6]
  Initializer bytes  const    0x0800a980    0xb9  <for P4 s0>
                            - 0x0800aa39  0xa8b1

"P3":                                     0x2000
  CSTACK                      0x10000000  0x2000  <Block>
    CSTACK           uninit   0x10000000  0x2000  <Block tail>
                            - 0x10002000  0x2000

"P4", part 1 of 3:                         0x138
  P4 s0                       0x20000000   0x138  <Init block>
    .data            inited   0x20000000    0x48  xfiles.o [3]
    .data            inited   0x20000048    0x48  xfiles.o [3]
    .data            inited   0x20000090    0x48  xfiles.o [3]
    .data            inited   0x200000d8    0x38  xlocale_c.o [3]
    .data            inited   0x20000110    0x20  xfiles.o [3]
    .data            inited   0x20000130     0x8  XShttio.o [3]
                            - 0x20000138   0x138

"P4", part 2 of 3:                         0x134
  .bss               zero     0x20000138    0x80  XShHandles.o [3]
  .bss               zero     0x200001b8    0x50  xfiles.o [3]
  .bss               zero     0x20000208    0x50  xfiles.o [3]
  .bss               zero     0x20000258     0x8  heap0.o [3]
  .bss               zero     0x20000260     0x4  xgetmemchunk.o [3]
  .bss               zero     0x20000264     0x4  xfail_s.o [3]
  .bss               zero     0x20000268     0x1  XShttio.o [3]
                            - 0x20000269   0x131

"P4", part 3 of 3:                        0x2000
  HEAP                        0x20000270  0x2000  <Block>
    HEAP             uninit   0x20000270  0x2000  <Block tail>
                            - 0x20002270  0x2000


*******************************************************************************
*** INIT TABLE
***

          Address     Size
          -------     ----
Zero (__iar_zero_init3)
    1 destination range, total size 0x131:
          0x20000138  0x131

Copy/packbits (__iar_packbits_init3)
    1 source range, total size 0xb9 (59% of destination):
          0x0800a980   0xb9
    1 destination range, total size 0x138:
          0x20000000  0x138



*******************************************************************************
*** MODULE SUMMARY
***

    Module                      ro code  ro data  rw data
    ------                      -------  -------  -------
C:\Users\lazar\Documents\32bit\iar_project\Debug\Obj: [1]
    arm_cfft_radix4_f32.o         3 602
    arm_cfft_radix4_init_f32.o      152    8 192
    arm_rfft_f32.o                  602
    arm_rfft_init_f32.o             136   16 384
    main.o                          276      272
    startup_stm32f4xx.o             772
    stm32f4xx_it.o                   26
    system_stm32f4xx.o              340
    -----------------------------------------------------
    Total:                        5 906   24 848

command line: [2]
    -----------------------------------------------------
    Total:

dl7M_tlf.a: [3]
    XShHandles.o                    272               128
    XShttio.o                        60        5        9
    abort.o                           6
    exit.o                            4
    fclose.o                        126
    fflush.o                        172
    fopen.o                          42
    fputc.o                          84
    fread.o                         140
    fseek.o                          36
    fwrite.o                        186
    heap0.o                         320                 8
    heaptramp0.o                      4
    low_level_init.o                  4
    printf.o                         40
    putchar.o                        12
    xcloseall.o                      60
    xfail_s.o                        64                 4
    xfgpos.o                         12
    xfiles.o                                 147      408
    xfofind.o                       196
    xfopen.o                         76
    xfoprep.o                       312
    xfrprep.o                       182
    xfspos.o                        216
    xfwprep.o                       180
    xgetmemchunk.o                   44                 4
    xlocale_c.o                       8       37       56
    xprintffull_nomb.o            3 618
    xprout.o                         22
    -----------------------------------------------------
    Total:                        6 498      189      617

iar_cortexM4lf_math.a: [4]
    arm_common_tables.o                    2 048
    -----------------------------------------------------
    Total:                                 2 048

m7M_tls.a: [5]
    DblAdd.o                        360
    DblCmpGe.o                       46
    DblCmpLe.o                       46
    DblDiv.o                        582
    DblMul.o                        418
    DblSub.o                        226
    DblToS32.o                       58
    DblToU32.o                       40
    S32ToDbl.o                       34
    U32ToDbl.o                       26
    fpinit_M.o                       34
    frexp.o                         112
    ldexp.o                         314
    -----------------------------------------------------
    Total:                        2 296

rt7M_tl.a: [6]
    ABImemcpy.o                     166
    I64DivMod.o                     558
    I64DivZer.o                       2
    cexit.o                          14
    cmain.o                          30
    cstart_closeall.o
    cstartup_M.o                     12
    data_init.o                      40
    memchr.o                         88
    packbits_init.o                 156
    strchr.o                         22
    strlen.o                         54
    zero_init3.o                     64
    -----------------------------------------------------
    Total:                        1 206

shb_l.a: [7]
    close.o                          24
    dwrite.o                         30
    exit.o                           20
    iarttio.o                       124
    iarwrite.o                       34
    iarwstd.o                        32
    lseek.o                          74
    open.o                           72
    read.o                           48
    remove.o                         20
    write.o                          16
    -----------------------------------------------------
    Total:                          494

    Gaps                             44        4
    Linker created                            44   16 384
---------------------------------------------------------
    Grand Total:                 16 444   27 133   17 001


*******************************************************************************
*** ENTRY LIST
***

Entry                      Address    Size  Type      Object
-----                      -------    ----  ----      ------
.iar.init_table$$Base   0x0800a73c           --   Gb  - Linker created -
.iar.init_table$$Limit  0x0800a768           --   Gb  - Linker created -
?main                   0x0800a769          Code  Gb  cmain.o [6]
Aldata                  0x20000258     0x8  Data  Lc  heap0.o [3]
BusFault_Handler        0x0800a7a5     0x2  Code  Gb  stm32f4xx_it.o [1]
CSTACK$$Base            0x10000000           --   Gb  - Linker created -
CSTACK$$Limit           0x10002000           --   Gb  - Linker created -
DebugMon_Handler        0x0800a7ab     0x2  Code  Gb  stm32f4xx_it.o [1]
HEAP$$Base              0x20000270           --   Gb  - Linker created -
HEAP$$Limit             0x20002270           --   Gb  - Linker created -
HardFault_Handler       0x0800a7a1     0x2  Code  Gb  stm32f4xx_it.o [1]
LoadInt                 0x0800633b    0x7a  Code  Lc  xprintffull_nomb.o [3]
MemManage_Handler       0x0800a7a3     0x2  Code  Gb  stm32f4xx_it.o [1]
NMI_Handler             0x0800a79f     0x2  Code  Gb  stm32f4xx_it.o [1]
PendSV_Handler          0x0800a7ad     0x2  Code  Gb  stm32f4xx_it.o [1]
Region$$Table$$Base     0x0800a73c           --   Gb  - Linker created -
Region$$Table$$Limit    0x0800a768           --   Gb  - Linker created -
SVC_Handler             0x0800a7a9     0x2  Code  Gb  stm32f4xx_it.o [1]
SetSysClock             0x080095f7    0xce  Code  Lc  system_stm32f4xx.o [1]
SysTick_Handler         0x0800a7af     0x2  Code  Gb  stm32f4xx_it.o [1]
SystemInit              0x080095a5    0x52  Code  Gb  system_stm32f4xx.o [1]
TIM1_CC_IRQHandler      0x0800a7b7     0x2  Code  Gb  stm32f4xx_it.o [1]
TIM2_IRQHandler         0x0800a7b1     0x2  Code  Gb  stm32f4xx_it.o [1]
TIM3_IRQHandler         0x0800a7b3     0x2  Code  Gb  stm32f4xx_it.o [1]
TIM4_IRQHandler         0x0800a7b5     0x2  Code  Gb  stm32f4xx_it.o [1]
UsageFault_Handler      0x0800a7a7     0x2  Code  Gb  stm32f4xx_it.o [1]
_Close_all              0x0800a5bd    0x3c  Code  Gb  xcloseall.o [3]
_Files                  0x20000110    0x20  Data  Gb  xfiles.o [3]
_Fofind                 0x08009a69    0x48  Code  Gb  xfofind.o [3]
_Fofree                 0x08009ab1    0x78  Code  Gb  xfofind.o [3]
_Fopen                  0x08009a1d    0x3c  Code  Gb  xfopen.o [3]
_Fopen::rwacc           0x08009a58    0x10  Data  Lc  xfopen.o [3]
_Foprep                 0x08009865    0xf0  Code  Gb  xfoprep.o [3]
_Foprep::init           0x08009954    0x48  Data  Lc  xfoprep.o [3]
_Frprep                 0x0800a107    0xb6  Code  Gb  xfrprep.o [3]
_Fspos                  0x0800a35d    0xd8  Code  Gb  xfspos.o [3]
_Fwprep                 0x0800a255    0xb4  Code  Gb  xfwprep.o [3]
_GenldFullNoMb          0x08006ca9   0x274  Code  Lc  xprintffull_nomb.o [3]
_LdtobFullNoMb          0x0800687d   0x3fe  Code  Lc  xprintffull_nomb.o [3]
_LitobFullNoMb          0x08006725   0x112  Code  Lc  xprintffull_nomb.o [3]
_Locale_lconv           0x200000d8    0x38  Data  Lc  xlocale_c.o [3]
_Nnl                    0x0800a435     0xc  Code  Gb  xfgpos.o [3]
_PrintfFullNoMb         0x08006189   0x1a4  Code  Gb  xprintffull_nomb.o [3]
_Prout                  0x0800a7d1    0x16  Code  Gb  xprout.o [3]
_PutcharsFullNoMb       0x08006f1d    0x2e  Code  Lc  xprintffull_nomb.o [3]
_PutfldFullNoMb         0x080063b5   0x264  Code  Lc  xprintffull_nomb.o [3]
_PuttxtFullNoMb         0x08006619   0x10c  Code  Lc  xprintffull_nomb.o [3]
__aeabi_cdcmple         0x08007581          Code  Gb  DblCmpLe.o [5]
__aeabi_cdrcmple        0x080075b1          Code  Gb  DblCmpGe.o [5]
__aeabi_d2iz            0x0800771d          Code  Gb  DblToS32.o [5]
__aeabi_d2uiz           0x08007aa9          Code  Gb  DblToU32.o [5]
__aeabi_ddiv            0x08007861          Code  Gb  DblDiv.o [5]
__aeabi_dmul            0x080072c5          Code  Gb  DblMul.o [5]
__aeabi_dsub            0x0800777d          Code  Gb  DblSub.o [5]
__aeabi_i2d             0x08007759          Code  Gb  S32ToDbl.o [5]
__aeabi_ldiv0           0x08007afd          Code  Gb  I64DivZer.o [6]
__aeabi_memcpy          0x08007469          Code  Gb  ABImemcpy.o [6]
__aeabi_memcpy4         0x08007489          Code  Gb  ABImemcpy.o [6]
__aeabi_memcpy8         0x08007489          Code  Gb  ABImemcpy.o [6]
__aeabi_ui2d            0x08007ad1          Code  Gb  U32ToDbl.o [5]
__aeabi_uldivmod        0x08007095          Code  Gb  I64DivMod.o [6]
__basic_free            0x080097a5    0x16  Code  Gb  heap0.o [3]
__basic_free_intern     0x080097bb    0x7a  Code  Lc  heap0.o [3]
__basic_malloc          0x080096f9    0x18  Code  Gb  heap0.o [3]
__basic_malloc_intern   0x08009711    0x94  Code  Lc  heap0.o [3]
__cexit_closeall        0x0800a793          Code  Gb  cexit.o [6]
__close                 0x08009bdd    0x18  Code  Gb  close.o [7]
__cmain                 0x0800a769          Code  Gb  cmain.o [6]
__cstart_closeall       0x0800a980          Data  Gb  cstart_closeall.o [6]
__data_GetMemChunk      0x08009839    0x2c  Code  Gb  xgetmemchunk.o [3]
__data_GetMemChunk::start
                        0x20000260     0x4  Data  Lc  xgetmemchunk.o [3]
__dwrite                0x08009d71    0x1e  Code  Gb  dwrite.o [7]
__exit                  0x08007c69    0x14  Code  Gb  exit.o [7]
__iar_Fail_s            0x08006fc5    0x1c  Code  Gb  xfail_s.o [3]
__iar_Memchr            0x0800703d          Code  Gb  memchr.o [6]
__iar_Stderr            0x20000090    0x48  Data  Gb  xfiles.o [3]
__iar_Stdin             0x20000000    0x48  Data  Gb  xfiles.o [3]
__iar_Stdout            0x20000048    0x48  Data  Gb  xfiles.o [3]
__iar_Strchr            0x08006fad          Code  Gb  strchr.o [6]
__iar_close_ttio        0x08007c7d    0x2c  Code  Gb  iarttio.o [7]
__iar_dadd              0x0800778d          Code  Gb  DblSub.o [5]
__iar_data_init3        0x0800a6f1    0x28  Code  Gb  data_init.o [6]
__iar_dsub              0x08007b01          Code  Gb  DblAdd.o [5]
__iar_dsubStart         0x08007b13          Code  Gb  DblAdd.o [5]
__iar_frexp             0x0800751d          Code  Gb  frexp.o [5]
__iar_frexpl            0x0800751d          Code  Gb  frexp.o [5]
__iar_get_ttio          0x08007ca9    0x4c  Code  Gb  iarttio.o [7]
__iar_init_vfp          0x0800a719          Code  Gb  fpinit_M.o [5]
__iar_ldexp64           0x080075e1          Code  Gb  ldexp.o [5]
__iar_lookup_ttioh      0x08007d27     0x4  Code  Gb  XShttio.o [3]
__iar_packbits_init3    0x0800a48b    0x9c  Code  Gb  packbits_init.o [6]
__iar_program_start     0x0800a805          Code  Gb  cstartup_M.o [6]
__iar_scalbln64         0x080075e1          Code  Gb  ldexp.o [5]
__iar_scalbn64          0x080075e1          Code  Gb  ldexp.o [5]
__iar_sh_Discard        0x08009ca5    0x42  Code  Gb  XShHandles.o [3]
__iar_sh_Init           0x08009c61    0x44  Code  Gb  XShHandles.o [3]
__iar_sh_Move           0x08009ce7    0x46  Code  Gb  XShHandles.o [3]
__iar_sh_Pos            0x08009d2d    0x3e  Code  Gb  XShHandles.o [3]
__iar_sh_stdout         0x08009d8f    0x20  Code  Gb  iarwstd.o [7]
__iar_sh_write          0x08009daf    0x22  Code  Gb  iarwrite.o [7]
__iar_softfp___iar_frexp64
                        0x08007511          Code  Gb  frexp.o [5]
__iar_softfp_frexp      0x08007511          Code  Gb  frexp.o [5]
__iar_softfp_frexpl     0x08007511          Code  Gb  frexp.o [5]
__iar_systems$$module {Abs}
                        0x00000001          Data  Gb  command line/config [2]
__iar_ttio_guard_lock   0x08007cf9    0x1e  Code  Gb  XShttio.o [3]
__iar_ttio_guard_unlock
                        0x08007d17    0x10  Code  Gb  XShttio.o [3]
__iar_ttio_handles      0x20000130     0x8  Data  Lc  XShttio.o [3]
__iar_zero_init3        0x0800a57b    0x40  Code  Gb  zero_init3.o [6]
__low_level_init        0x0800a787     0x4  Code  Gb  low_level_init.o [3]
__lseek                 0x0800a441    0x4a  Code  Gb  lseek.o [7]
__open                  0x08009c09    0x48  Code  Gb  open.o [7]
__read                  0x0800a309    0x30  Code  Gb  read.o [7]
__vector_table          0x08000000          Data  Gb  startup_stm32f4xx.o [1]
__write                 0x08009c51    0x10  Code  Gb  write.o [7]
_call_main              0x0800a775          Code  Gb  cmain.o [6]
_exit                   0x0800a791          Code  Gb  cexit.o [6]
_main                   0x0800a783          Code  Gb  cmain.o [6]
abort                   0x08007af5     0x6  Code  Gb  abort.o [3]
armBitRevTable          0x08008b48   0x800  Data  Gb  arm_common_tables.o [4]
arm_bitreversal_f32     0x08008951   0x1f6  Code  Gb  arm_cfft_radix4_f32.o [1]
arm_cfft_radix4_init_f32
                        0x0800a1bd    0x98  Code  Gb  arm_cfft_radix4_init_f32.o [1]
arm_radix4_butterfly_f32
                        0x08007d35   0x5fe  Code  Gb  arm_cfft_radix4_f32.o [1]
arm_radix4_butterfly_inverse_f32
                        0x08008333   0x61e  Code  Gb  arm_cfft_radix4_f32.o [1]
arm_rfft_f32            0x08009349    0x78  Code  Gb  arm_rfft_f32.o [1]
arm_rfft_init_f32       0x08009fc5    0x88  Code  Gb  arm_rfft_init_f32.o [1]
arm_split_rfft_f32      0x080093c1   0x12e  Code  Gb  arm_rfft_f32.o [1]
arm_split_rifft_f32     0x080094ef    0xb4  Code  Gb  arm_rfft_f32.o [1]
ebuf                    0x200001b8    0x50  Data  Lc  xfiles.o [3]
exit                    0x0800a78b     0x4  Code  Gb  exit.o [3]
fclose                  0x0800999d    0x7e  Code  Gb  fclose.o [3]
fflush                  0x08009ba1    0x34  Code  Gb  fflush.o [3]
fflushOne               0x08009b2d    0x74  Code  Lc  fflush.o [3]
fopen                   0x08009ee5    0x2a  Code  Gb  fopen.o [3]
fputc                   0x0800a527    0x54  Code  Gb  fputc.o [3]
fread                   0x08009f39    0x8c  Code  Gb  fread.o [3]
free                    0x08009bd9     0x4  Code  Gb  heaptramp0.o [3]
fseek                   0x0800a339    0x24  Code  Gb  fseek.o [3]
fwrite                  0x0800a04d    0xba  Code  Gb  fwrite.o [3]
ldexp                   0x080075e1          Code  Gb  ldexp.o [5]
ldexpl                  0x080075e1          Code  Gb  ldexp.o [5]
localeconv              0x08007aed     0x4  Code  Gb  xlocale_c.o [3]
main                    0x08009dd1   0x114  Code  Gb  main.o [1]
memchr                  0x0800703d          Code  Gb  memchr.o [6]
obuf                    0x20000208    0x50  Data  Lc  xfiles.o [3]
printf                  0x08009f11    0x28  Code  Gb  printf.o [3]
putchar                 0x0800a7e9     0xc  Code  Gb  putchar.o [3]
realCoefA               0x08002188  0x2000  Data  Lc  arm_rfft_init_f32.o [1]
realCoefB               0x08004188  0x2000  Data  Lc  arm_rfft_init_f32.o [1]
remove                  0x08009bf5    0x14  Code  Gb  remove.o [7]
sFileInfo               0x20000138    0x80  Data  Lc  XShHandles.o [3]
scalbln                 0x080075e1          Code  Gb  ldexp.o [5]
scalblnl                0x080075e1          Code  Gb  ldexp.o [5]
scalbn                  0x080075e1          Code  Gb  ldexp.o [5]
scalbnl                 0x080075e1          Code  Gb  ldexp.o [5]
scale                   0x08006837    0x46  Code  Lc  xprintffull_nomb.o [3]
sec_hand                0x20000264     0x4  Data  Lc  xfail_s.o [3]
strchr                  0x08006fad          Code  Gb  strchr.o [6]
strlen                  0x08007005          Code  Gb  strlen.o [6]
ttio_guard              0x20000268     0x1  Data  Lc  XShttio.o [3]
twiddleCoef             0x08000188  0x2000  Data  Lc  arm_cfft_radix4_init_f32.o [1]


[1] = C:\Users\lazar\Documents\32bit\iar_project\Debug\Obj
[2] = command line
[3] = dl7M_tlf.a
[4] = iar_cortexM4lf_math.a
[5] = m7M_tls.a
[6] = rt7M_tl.a
[7] = shb_l.a

  16 444 bytes of readonly  code memory
  27 133 bytes of readonly  data memory
  17 001 bytes of readwrite data memory

Errors: none
Warnings: none
